===== BASE=0.5 =====
ЗАЧАТОК НА БЮДЖЕТЕ ТАКТОВ -- ЧЕРНОВИК
бюджет 200 тактов на круг (фиксирован), начинаем с одной части
цены: обновиться 1, прочесть 0.5, связаться 5, разделиться 20

--- сид 1 ---
 круг | частей | верх.10% чтений | разброс правил | связей | наиб.читаемый | немых
  200 |    329 |           89.5% |         0.0572 |   2.87 |             5 |     0
  400 |    373 |          100.0% |         0.0569 |   2.90 |             3 |     0
  600 |    374 |          100.0% |         0.0569 |   2.95 |             3 |     0
  800 |    375 |          100.0% |         0.0568 |   3.00 |             4 |     0
 1000 |    375 |          100.0% |         0.0568 |   3.05 |             3 |     0
 1200 |    376 |          100.0% |         0.0568 |   3.10 |             4 |     0
--- сид 2 ---
 круг | частей | верх.10% чтений | разброс правил | связей | наиб.читаемый | немых
  200 |    297 |           78.4% |         0.0558 |   3.03 |             4 |     1
  400 |    367 |          100.0% |         0.0545 |   3.03 |             3 |     0
  600 |    393 |          100.0% |         0.0536 |   3.01 |             2 |     0
  800 |    393 |          100.0% |         0.0536 |   3.04 |             2 |     0
 1000 |    393 |          100.0% |         0.0536 |   3.06 |             4 |     0
 1200 |    395 |          100.0% |         0.0536 |   3.06 |             3 |     0
--- сид 3 ---
 круг | частей | верх.10% чтений | разброс правил | связей | наиб.читаемый | немых
  200 |    324 |           91.5% |         0.0874 |   2.86 |             3 |     1
  400 |    388 |          100.0% |         0.0827 |   2.88 |             2 |     0
  600 |    395 |          100.0% |         0.0822 |   2.89 |             2 |     0
  800 |    395 |          100.0% |         0.0822 |   2.92 |             3 |     0
 1000 |    395 |          100.0% |         0.0822 |   2.94 |             3 |     0
 1200 |    395 |          100.0% |         0.0822 |   2.96 |             3 |     0
===== BASE=0.05 =====
ЗАЧАТОК НА БЮДЖЕТЕ ТАКТОВ -- ЧЕРНОВИК
бюджет 200 тактов на круг (фиксирован), начинаем с одной части
цены: обновиться 1, прочесть 0.5, связаться 5, разделиться 20

--- сид 1 ---
 круг | частей | верх.10% чтений | разброс правил | связей | наиб.читаемый | немых
  200 |    400 |           76.2% |         0.0493 |   2.92 |             6 |     0
  400 |    400 |           75.7% |         0.0493 |   3.83 |             7 |     0
  600 |    400 |           80.9% |         0.0493 |   4.64 |             9 |     0
  800 |    400 |           69.2% |         0.0493 |   5.29 |             9 |     0
 1000 |    400 |           68.1% |         0.0493 |   5.96 |             8 |     0
 1200 |    400 |           78.5% |         0.0493 |   6.59 |             8 |     0
--- сид 2 ---
 круг | частей | верх.10% чтений | разброс правил | связей | наиб.читаемый | немых
  200 |    400 |           80.2% |         0.0526 |   2.81 |             5 |     0
  400 |    400 |           84.9% |         0.0526 |   3.53 |             6 |     0
  600 |    400 |           72.6% |         0.0526 |   4.19 |             5 |     0
  800 |    400 |           80.8% |         0.0526 |   4.81 |             8 |     0
 1000 |    400 |           78.8% |         0.0526 |   5.45 |             7 |     0
 1200 |    400 |           85.6% |         0.0526 |   6.05 |             7 |     0
--- сид 3 ---
 круг | частей | верх.10% чтений | разброс правил | связей | наиб.читаемый | немых
  200 |    400 |           87.2% |         0.0818 |   2.99 |             6 |     0
  400 |    400 |           85.3% |         0.0818 |   3.83 |             8 |     0
  600 |    400 |           75.5% |         0.0818 |   4.50 |             9 |     0
  800 |    400 |           78.9% |         0.0818 |   5.12 |             8 |     0
 1000 |    400 |           90.4% |         0.0818 |   5.78 |             7 |     0
 1200 |    400 |           81.3% |         0.0818 |   6.41 |             8 |     0
===== BASE=0.0 =====
ЗАЧАТОК НА БЮДЖЕТЕ ТАКТОВ -- ЧЕРНОВИК
бюджет 200 тактов на круг (фиксирован), начинаем с одной части
цены: обновиться 1, прочесть 0.5, связаться 5, разделиться 20

--- сид 1 ---
 круг | частей | верх.10% чтений | разброс правил | связей | наиб.читаемый | немых
  200 |      1 |            0.0% |         0.0000 |   0.00 |             0 |     0
  400 |      1 |            0.0% |         0.0000 |   0.00 |             0 |     0
  600 |      1 |            0.0% |         0.0000 |   0.00 |             0 |     0
  800 |      1 |            0.0% |         0.0000 |   0.00 |             0 |     0
 1000 |      1 |            0.0% |         0.0000 |   0.00 |             0 |     0
 1200 |      1 |            0.0% |         0.0000 |   0.00 |             0 |     0
--- сид 2 ---
 круг | частей | верх.10% чтений | разброс правил | связей | наиб.читаемый | немых
  200 |      1 |            0.0% |         0.0000 |   0.00 |             0 |     0
  400 |      1 |            0.0% |         0.0000 |   0.00 |             0 |     0
  600 |      1 |            0.0% |         0.0000 |   0.00 |             0 |     0
  800 |      1 |            0.0% |         0.0000 |   0.00 |             0 |     0
 1000 |      1 |            0.0% |         0.0000 |   0.00 |             0 |     0
 1200 |      1 |            0.0% |         0.0000 |   0.00 |             0 |     0
--- сид 3 ---
 круг | частей | верх.10% чтений | разброс правил | связей | наиб.читаемый | немых
  200 |      1 |            0.0% |         0.0000 |   0.00 |             0 |     0
  400 |      1 |            0.0% |         0.0000 |   0.00 |             0 |     0
  600 |      1 |            0.0% |         0.0000 |   0.00 |             0 |     0
  800 |      1 |            0.0% |         0.0000 |   0.00 |             0 |     0
 1000 |      1 |            0.0% |         0.0000 |   0.00 |             0 |     0
 1200 |      1 |            0.0% |         0.0000 |   0.00 |             0 |     0
