===== BASE=0.5 HOLD=0 =====
ЗАЧАТОК НА БЮДЖЕТЕ ТАКТОВ -- ЧЕРНОВИК, редакция вторая
бюджет 200 тактов на круг (фиксирован), начинаем с одной части
цены: обновиться 1, прочесть 0.5, связаться 5, держать связь 0 за круг, разделиться 20
базовая доля 0.5, потолок населения СНЯТ (аварийная черта 20000)

--- сид 1 ---
 круг | частей | верх.10% | разброс правил | связей | наиб.чит | читаемых | сброс/круг
  200 |    329 |    89.5% |         0.0572 |   2.87 |        5 |       39 |          0
  400 |    373 |   100.0% |         0.0569 |   2.90 |        3 |       24 |          0
  600 |    374 |   100.0% |         0.0569 |   2.95 |        3 |       23 |          0
  800 |    375 |   100.0% |         0.0568 |   3.00 |        4 |       31 |          0
 1000 |    375 |   100.0% |         0.0568 |   3.05 |        3 |       27 |          0
 1200 |    376 |   100.0% |         0.0568 |   3.10 |        4 |       32 |          0
--- сид 2 ---
 круг | частей | верх.10% | разброс правил | связей | наиб.чит | читаемых | сброс/круг
  200 |    297 |    78.4% |         0.0558 |   3.03 |        4 |       41 |          0
  400 |    367 |   100.0% |         0.0545 |   3.03 |        3 |       29 |          0
  600 |    393 |   100.0% |         0.0536 |   3.01 |        2 |       22 |          0
  800 |    393 |   100.0% |         0.0536 |   3.04 |        2 |       23 |          0
 1000 |    393 |   100.0% |         0.0536 |   3.06 |        4 |       19 |          0
 1200 |    395 |   100.0% |         0.0536 |   3.06 |        3 |       22 |          0
--- сид 3 ---
 круг | частей | верх.10% | разброс правил | связей | наиб.чит | читаемых | сброс/круг
  200 |    324 |    91.5% |         0.0874 |   2.86 |        3 |       36 |          0
  400 |    388 |   100.0% |         0.0827 |   2.88 |        2 |       22 |          0
  600 |    395 |   100.0% |         0.0822 |   2.89 |        2 |       21 |          0
  800 |    395 |   100.0% |         0.0822 |   2.92 |        3 |       21 |          0
 1000 |    395 |   100.0% |         0.0822 |   2.94 |        3 |       22 |          0
 1200 |    395 |   100.0% |         0.0822 |   2.96 |        3 |       22 |          0
===== BASE=0.5 HOLD=0.02 =====
ЗАЧАТОК НА БЮДЖЕТЕ ТАКТОВ -- ЧЕРНОВИК, редакция вторая
бюджет 200 тактов на круг (фиксирован), начинаем с одной части
цены: обновиться 1, прочесть 0.5, связаться 5, держать связь 0.02 за круг, разделиться 20
базовая доля 0.5, потолок населения СНЯТ (аварийная черта 20000)

--- сид 1 ---
 круг | частей | верх.10% | разброс правил | связей | наиб.чит | читаемых | сброс/круг
  200 |    308 |   100.0% |         0.0538 |   2.69 |        4 |       30 |          0
  400 |    343 |   100.0% |         0.0530 |   2.01 |        4 |       16 |          0
  600 |    343 |   100.0% |         0.0530 |   2.01 |        3 |       15 |          1
  800 |    343 |   100.0% |         0.0530 |   2.03 |        5 |       13 |          0
 1000 |    343 |   100.0% |         0.0530 |   2.01 |        5 |       15 |          0
 1200 |    343 |   100.0% |         0.0530 |   2.01 |        2 |       23 |          0
--- сид 2 ---
 круг | частей | верх.10% | разброс правил | связей | наиб.чит | читаемых | сброс/круг
  200 |    284 |    79.6% |         0.0557 |   2.88 |        5 |       39 |          0
  400 |    345 |   100.0% |         0.0540 |   2.34 |        2 |       18 |          0
  600 |    350 |   100.0% |         0.0541 |   2.09 |        3 |        7 |          0
  800 |    350 |   100.0% |         0.0541 |   2.03 |        3 |       13 |          0
 1000 |    350 |   100.0% |         0.0541 |   2.03 |        3 |       14 |          0
 1200 |    350 |   100.0% |         0.0541 |   2.03 |        3 |       17 |          0
--- сид 3 ---
 круг | частей | верх.10% | разброс правил | связей | наиб.чит | читаемых | сброс/круг
  200 |    297 |   100.0% |         0.0880 |   2.72 |        4 |       27 |          0
  400 |    348 |   100.0% |         0.0839 |   2.06 |        3 |       14 |          0
  600 |    348 |   100.0% |         0.0839 |   2.01 |        2 |       19 |          0
  800 |    348 |   100.0% |         0.0839 |   2.00 |        3 |       13 |          0
 1000 |    348 |   100.0% |         0.0839 |   1.99 |        3 |       16 |          0
 1200 |    348 |   100.0% |         0.0839 |   1.99 |        3 |       13 |          0
===== BASE=0.5 HOLD=0.05 =====
ЗАЧАТОК НА БЮДЖЕТЕ ТАКТОВ -- ЧЕРНОВИК, редакция вторая
бюджет 200 тактов на круг (фиксирован), начинаем с одной части
цены: обновиться 1, прочесть 0.5, связаться 5, держать связь 0.05 за круг, разделиться 20
базовая доля 0.5, потолок населения СНЯТ (аварийная черта 20000)

--- сид 1 ---
 круг | частей | верх.10% | разброс правил | связей | наиб.чит | читаемых | сброс/круг
  200 |    294 |   100.0% |         0.0532 |   2.18 |        7 |       26 |          0
  400 |    319 |   100.0% |         0.0523 |   1.67 |        4 |       17 |          0
  600 |    321 |   100.0% |         0.0523 |   1.66 |        3 |       14 |          0
  800 |    321 |   100.0% |         0.0523 |   1.64 |        3 |       21 |          0
 1000 |    321 |   100.0% |         0.0523 |   1.63 |        4 |       21 |          0
 1200 |    321 |   100.0% |         0.0523 |   1.64 |        3 |       21 |          0
--- сид 2 ---
 круг | частей | верх.10% | разброс правил | связей | наиб.чит | читаемых | сброс/круг
  200 |    256 |    87.5% |         0.0531 |   2.56 |        4 |       32 |          0
  400 |    301 |   100.0% |         0.0527 |   1.86 |        4 |       20 |          0
  600 |    304 |   100.0% |         0.0527 |   1.87 |        5 |       19 |          0
  800 |    307 |   100.0% |         0.0526 |   1.79 |        8 |       23 |          0
 1000 |    308 |   100.0% |         0.0527 |   1.82 |        3 |       27 |          0
 1200 |    309 |   100.0% |         0.0526 |   1.72 |        4 |       24 |          0
--- сид 3 ---
 круг | частей | верх.10% | разброс правил | связей | наиб.чит | читаемых | сброс/круг
  200 |    267 |   100.0% |         0.0772 |   2.53 |        6 |       27 |          0
  400 |    314 |   100.0% |         0.0730 |   1.80 |        5 |       15 |          0
  600 |    314 |   100.0% |         0.0730 |   1.73 |        4 |       20 |          0
  800 |    314 |   100.0% |         0.0730 |   1.72 |        6 |       21 |          0
 1000 |    314 |   100.0% |         0.0730 |   1.69 |        3 |       23 |          0
 1200 |    315 |   100.0% |         0.0729 |   1.70 |        4 |       17 |          0
===== BASE=0.5 HOLD=0.1 =====
ЗАЧАТОК НА БЮДЖЕТЕ ТАКТОВ -- ЧЕРНОВИК, редакция вторая
бюджет 200 тактов на круг (фиксирован), начинаем с одной части
цены: обновиться 1, прочесть 0.5, связаться 5, держать связь 0.1 за круг, разделиться 20
базовая доля 0.5, потолок населения СНЯТ (аварийная черта 20000)

--- сид 1 ---
 круг | частей | верх.10% | разброс правил | связей | наиб.чит | читаемых | сброс/круг
  200 |    254 |    87.0% |         0.0555 |   1.82 |        8 |       31 |          1
  400 |    276 |    88.9% |         0.0557 |   1.62 |        6 |       33 |          0
  600 |    280 |    95.1% |         0.0557 |   1.54 |        4 |       30 |          0
  800 |    282 |   100.0% |         0.0556 |   1.50 |        5 |       26 |          0
 1000 |    287 |   100.0% |         0.0557 |   1.51 |        3 |       26 |          0
 1200 |    288 |   100.0% |         0.0556 |   1.50 |        3 |       23 |          1
--- сид 2 ---
 круг | частей | верх.10% | разброс правил | связей | наиб.чит | читаемых | сброс/круг
  200 |    251 |    92.3% |         0.0570 |   2.06 |        5 |       28 |         25
  400 |    266 |    91.3% |         0.0564 |   1.58 |        5 |       31 |          0
  600 |    272 |   100.0% |         0.0561 |   1.61 |        4 |       26 |          0
  800 |    273 |   100.0% |         0.0560 |   1.59 |        3 |       27 |          0
 1000 |    282 |   100.0% |         0.0555 |   1.58 |        3 |       21 |          0
 1200 |    290 |   100.0% |         0.0552 |   1.52 |        3 |       22 |          1
--- сид 3 ---
 круг | частей | верх.10% | разброс правил | связей | наиб.чит | читаемых | сброс/круг
  200 |    246 |    88.4% |         0.0767 |   1.87 |        4 |       30 |          0
  400 |    274 |   100.0% |         0.0745 |   1.59 |        4 |       26 |          0
  600 |    278 |   100.0% |         0.0742 |   1.55 |        4 |       28 |          0
  800 |    279 |    93.0% |         0.0742 |   1.53 |        4 |       31 |          0
 1000 |    285 |   100.0% |         0.0738 |   1.48 |        7 |       27 |          0
 1200 |    286 |   100.0% |         0.0737 |   1.51 |        5 |       22 |          0
===== BASE=0.5 HOLD=0.3 =====
ЗАЧАТОК НА БЮДЖЕТЕ ТАКТОВ -- ЧЕРНОВИК, редакция вторая
бюджет 200 тактов на круг (фиксирован), начинаем с одной части
цены: обновиться 1, прочесть 0.5, связаться 5, держать связь 0.3 за круг, разделиться 20
базовая доля 0.5, потолок населения СНЯТ (аварийная черта 20000)

--- сид 1 ---
 круг | частей | верх.10% | разброс правил | связей | наиб.чит | читаемых | сброс/круг
  200 |    193 |    89.2% |         0.0538 |   1.74 |        6 |       23 |          1
  400 |    207 |    94.6% |         0.0533 |   1.46 |        6 |       23 |          0
  600 |    218 |    97.2% |         0.0550 |   1.40 |        7 |       23 |          0
  800 |    224 |   100.0% |         0.0555 |   1.39 |        5 |       21 |          0
 1000 |    229 |    87.5% |         0.0560 |   1.34 |        3 |       27 |          0
 1200 |    233 |   100.0% |         0.0564 |   1.35 |        5 |       18 |          5
--- сид 2 ---
 круг | частей | верх.10% | разброс правил | связей | наиб.чит | читаемых | сброс/круг
  200 |    189 |    85.0% |         0.0490 |   1.51 |        6 |       25 |          0
  400 |    216 |    96.9% |         0.0492 |   1.37 |        4 |       23 |          0
  600 |    222 |    97.1% |         0.0494 |   1.36 |        6 |       23 |          0
  800 |    228 |   100.0% |         0.0498 |   1.37 |        8 |       20 |          0
 1000 |    231 |    93.9% |         0.0499 |   1.35 |        3 |       25 |          0
 1200 |    236 |   100.0% |         0.0499 |   1.32 |        4 |       20 |          2
--- сид 3 ---
 круг | частей | верх.10% | разброс правил | связей | наиб.чит | читаемых | сброс/круг
  200 |    199 |    92.5% |         0.0751 |   1.43 |       11 |       23 |          0
  400 |    222 |   100.0% |         0.0739 |   1.39 |        5 |       22 |          0
  600 |    233 |    93.9% |         0.0737 |   1.34 |        4 |       25 |          0
  800 |    237 |   100.0% |         0.0732 |   1.33 |        6 |       17 |          0
 1000 |    241 |   100.0% |         0.0729 |   1.32 |        5 |       20 |          0
 1200 |    246 |   100.0% |         0.0726 |   1.30 |        2 |       25 |          0
===== BASE=0.05 HOLD=0 =====
ЗАЧАТОК НА БЮДЖЕТЕ ТАКТОВ -- ЧЕРНОВИК, редакция вторая
бюджет 200 тактов на круг (фиксирован), начинаем с одной части
цены: обновиться 1, прочесть 0.5, связаться 5, держать связь 0 за круг, разделиться 20
базовая доля 0.05, потолок населения СНЯТ (аварийная черта 20000)

--- сид 1 ---
 круг | частей | верх.10% | разброс правил | связей | наиб.чит | читаемых | сброс/круг
  200 |    490 |    84.9% |         0.0498 |   2.76 |        7 |       63 |          0
  400 |    809 |   100.0% |         0.0496 |   2.75 |        6 |       56 |          0
  600 |   1076 |   100.0% |         0.0493 |   2.74 |        6 |       44 |          0
  800 |   1285 |   100.0% |         0.0494 |   2.79 |        5 |       49 |          0
 1000 |   1488 |   100.0% |         0.0494 |   2.78 |        5 |       37 |          0
 1200 |   1653 |   100.0% |         0.0493 |   2.78 |        6 |       33 |          0
--- сид 2 ---
 круг | частей | верх.10% | разброс правил | связей | наиб.чит | читаемых | сброс/круг
  200 |    501 |    97.4% |         0.0531 |   2.62 |        5 |       52 |          0
  400 |    926 |   100.0% |         0.0531 |   2.60 |        4 |       49 |          0
  600 |   1203 |   100.0% |         0.0532 |   2.64 |        5 |       41 |          0
  800 |   1394 |   100.0% |         0.0528 |   2.70 |        5 |       45 |          0
 1000 |   1548 |   100.0% |         0.0525 |   2.76 |        4 |       40 |          0
 1200 |   1689 |   100.0% |         0.0523 |   2.80 |        5 |       43 |          0
--- сид 3 ---
 круг | частей | верх.10% | разброс правил | связей | наиб.чит | читаемых | сброс/круг
  200 |    459 |    87.1% |         0.0801 |   2.88 |        8 |       58 |          0
  400 |    858 |   100.0% |         0.0803 |   2.76 |        6 |       54 |          0
  600 |   1183 |   100.0% |         0.0795 |   2.71 |        9 |       33 |          0
  800 |   1413 |   100.0% |         0.0784 |   2.73 |        5 |       35 |          0
 1000 |   1613 |   100.0% |         0.0785 |   2.73 |        4 |       31 |          0
 1200 |   1755 |   100.0% |         0.0781 |   2.76 |        5 |       30 |          0
===== BASE=0.05 HOLD=0.02 =====
ЗАЧАТОК НА БЮДЖЕТЕ ТАКТОВ -- ЧЕРНОВИК, редакция вторая
бюджет 200 тактов на круг (фиксирован), начинаем с одной части
цены: обновиться 1, прочесть 0.5, связаться 5, держать связь 0.02 за круг, разделиться 20
базовая доля 0.05, потолок населения СНЯТ (аварийная черта 20000)

--- сид 1 ---
 круг | частей | верх.10% | разброс правил | связей | наиб.чит | читаемых | сброс/круг
  200 |    479 |    96.6% |         0.0503 |   2.61 |        8 |       51 |          1
  400 |    796 |   100.0% |         0.0500 |   2.39 |        5 |       40 |          0
  600 |    983 |   100.0% |         0.0494 |   1.84 |        5 |       39 |          0
  800 |   1165 |   100.0% |         0.0489 |   1.54 |        6 |       30 |          0
 1000 |   1285 |   100.0% |         0.0489 |   1.47 |        6 |       35 |          0
 1200 |   1379 |   100.0% |         0.0488 |   1.41 |        6 |       32 |          0
--- сид 2 ---
 круг | частей | верх.10% | разброс правил | связей | наиб.чит | читаемых | сброс/круг
  200 |    506 |    98.8% |         0.0612 |   2.62 |        6 |       52 |          0
  400 |    796 |   100.0% |         0.0606 |   2.30 |        5 |       51 |          0
  600 |    946 |   100.0% |         0.0600 |   2.03 |        5 |       46 |          0
  800 |   1082 |   100.0% |         0.0602 |   1.78 |        7 |       42 |          0
 1000 |   1187 |   100.0% |         0.0601 |   1.50 |        5 |       34 |          0
 1200 |   1304 |   100.0% |         0.0591 |   1.42 |        5 |       32 |          1
--- сид 3 ---
 круг | частей | верх.10% | разброс правил | связей | наиб.чит | читаемых | сброс/круг
  200 |    449 |    90.6% |         0.0735 |   2.57 |        6 |       53 |          0
  400 |    772 |   100.0% |         0.0719 |   2.38 |        6 |       42 |          0
  600 |    988 |   100.0% |         0.0712 |   2.19 |        6 |       34 |          0
  800 |   1138 |   100.0% |         0.0702 |   1.81 |        6 |       29 |          0
 1000 |   1254 |   100.0% |         0.0701 |   1.53 |        6 |       38 |          0
 1200 |   1386 |   100.0% |         0.0701 |   1.42 |        5 |       31 |          0
===== BASE=0.05 HOLD=0.05 =====
ЗАЧАТОК НА БЮДЖЕТЕ ТАКТОВ -- ЧЕРНОВИК, редакция вторая
бюджет 200 тактов на круг (фиксирован), начинаем с одной части
цены: обновиться 1, прочесть 0.5, связаться 5, держать связь 0.05 за круг, разделиться 20
базовая доля 0.05, потолок населения СНЯТ (аварийная черта 20000)

--- сид 1 ---
 круг | частей | верх.10% | разброс правил | связей | наиб.чит | читаемых | сброс/круг
  200 |    457 |   100.0% |         0.0491 |   2.50 |        7 |       40 |          0
  400 |    760 |   100.0% |         0.0504 |   1.81 |        6 |       41 |          0
  600 |    915 |   100.0% |         0.0501 |   1.44 |        8 |       41 |          1
  800 |   1049 |   100.0% |         0.0495 |   1.29 |        7 |       43 |          0
 1000 |   1176 |   100.0% |         0.0493 |   1.18 |        7 |       38 |          0
 1200 |   1245 |   100.0% |         0.0495 |   1.19 |        7 |       39 |          0
--- сид 2 ---
 круг | частей | верх.10% | разброс правил | связей | наиб.чит | читаемых | сброс/круг
  200 |    401 |    80.2% |         0.0570 |   2.34 |       10 |       59 |          0
  400 |    614 |   100.0% |         0.0559 |   2.13 |       10 |       45 |          0
  600 |    788 |   100.0% |         0.0551 |   1.59 |        6 |       45 |          0
  800 |    905 |   100.0% |         0.0555 |   1.40 |        6 |       45 |         71
 1000 |   1037 |   100.0% |         0.0547 |   1.30 |        6 |       32 |          0
 1200 |   1126 |   100.0% |         0.0547 |   1.35 |        7 |       41 |          0
--- сид 3 ---
 круг | частей | верх.10% | разброс правил | связей | наиб.чит | читаемых | сброс/круг
  200 |    442 |    97.5% |         0.0823 |   2.26 |        8 |       46 |          0
  400 |    679 |   100.0% |         0.0817 |   1.78 |        7 |       39 |         14
  600 |    847 |   100.0% |         0.0816 |   1.67 |        7 |       45 |          0
  800 |    960 |   100.0% |         0.0816 |   1.40 |        4 |       45 |          0
 1000 |   1088 |   100.0% |         0.0810 |   1.35 |        7 |       40 |          1
 1200 |   1189 |   100.0% |         0.0814 |   1.17 |        7 |       38 |          0
===== BASE=0.05 HOLD=0.1 =====
ЗАЧАТОК НА БЮДЖЕТЕ ТАКТОВ -- ЧЕРНОВИК, редакция вторая
бюджет 200 тактов на круг (фиксирован), начинаем с одной части
цены: обновиться 1, прочесть 0.5, связаться 5, держать связь 0.1 за круг, разделиться 20
базовая доля 0.05, потолок населения СНЯТ (аварийная черта 20000)

--- сид 1 ---
 круг | частей | верх.10% | разброс правил | связей | наиб.чит | читаемых | сброс/круг
  200 |    396 |    83.9% |         0.0495 |   1.80 |        7 |       54 |          1
  400 |    563 |    89.6% |         0.0509 |   0.72 |        3 |       64 |          6
  600 |    624 |    91.8% |         0.0520 |   0.44 |        2 |       68 |          1
  800 |    661 |    95.8% |         0.0520 |   0.33 |        2 |       69 |          6
 1000 |    684 |   100.0% |         0.0521 |   0.40 |        4 |       60 |          2
 1200 |    710 |   100.0% |         0.0525 |   0.40 |        2 |       64 |          3
--- сид 2 ---
 круг | частей | верх.10% | разброс правил | связей | наиб.чит | читаемых | сброс/круг
  200 |    400 |   100.0% |         0.0682 |   2.15 |        8 |       32 |          0
  400 |    669 |   100.0% |         0.0685 |   1.66 |        5 |       31 |          0
  600 |    843 |   100.0% |         0.0682 |   1.06 |        4 |       31 |          0
  800 |    943 |   100.0% |         0.0689 |   0.76 |        5 |       44 |          6
 1000 |   1019 |   100.0% |         0.0693 |   0.52 |        2 |       48 |          1
 1200 |   1045 |   100.0% |         0.0692 |   0.33 |        2 |       44 |          0
--- сид 3 ---
 круг | частей | верх.10% | разброс правил | связей | наиб.чит | читаемых | сброс/круг
  200 |    382 |    80.2% |         0.0892 |   1.91 |        7 |       55 |          4
  400 |    543 |   100.0% |         0.0922 |   1.08 |        8 |       54 |          1
  600 |    647 |   100.0% |         0.0914 |   0.92 |        5 |       61 |          0
  800 |    699 |    92.4% |         0.0924 |   0.59 |        2 |       76 |          2
 1000 |    729 |   100.0% |         0.0921 |   0.44 |        2 |       67 |          3
 1200 |    753 |   100.0% |         0.0919 |   0.34 |        2 |       63 |          5
===== BASE=0.05 HOLD=0.3 =====
ЗАЧАТОК НА БЮДЖЕТЕ ТАКТОВ -- ЧЕРНОВИК, редакция вторая
бюджет 200 тактов на круг (фиксирован), начинаем с одной части
цены: обновиться 1, прочесть 0.5, связаться 5, держать связь 0.3 за круг, разделиться 20
базовая доля 0.05, потолок населения СНЯТ (аварийная черта 20000)

--- сид 1 ---
 круг | частей | верх.10% | разброс правил | связей | наиб.чит | читаемых | сброс/круг
  200 |    314 |    73.6% |         0.0675 |   0.27 |        3 |       45 |          6
  400 |    500 |   100.0% |         0.0720 |   0.12 |        1 |       37 |          5
  600 |    642 |   100.0% |         0.0745 |   0.05 |        1 |       17 |          5
  800 |    748 |   100.0% |         0.0770 |   0.03 |        1 |       11 |          5
 1000 |    827 |   100.0% |         0.0786 |   0.02 |        1 |        8 |          1
 1200 |    879 |   100.0% |         0.0805 |   0.01 |        1 |        2 |          0
--- сид 2 ---
 круг | частей | верх.10% | разброс правил | связей | наиб.чит | читаемых | сброс/круг
  200 |    334 |    76.0% |         0.0697 |   0.19 |        2 |       45 |          7
  400 |    513 |   100.0% |         0.0745 |   0.11 |        2 |       33 |          4
  600 |    651 |   100.0% |         0.0789 |   0.06 |        2 |       27 |          3
  800 |    745 |   100.0% |         0.0815 |   0.05 |        2 |       19 |          7
 1000 |    815 |   100.0% |         0.0828 |   0.02 |        1 |       12 |          1
 1200 |    828 |     0.0% |         0.0827 |   0.00 |        0 |        0 |          0
--- сид 3 ---
 круг | частей | верх.10% | разброс правил | связей | наиб.чит | читаемых | сброс/круг
  200 |    315 |    67.3% |         0.0756 |   0.25 |        2 |       48 |          7
  400 |    488 |   100.0% |         0.0838 |   0.13 |        2 |       41 |          6
  600 |    633 |   100.0% |         0.0897 |   0.07 |        1 |       28 |          3
  800 |    740 |   100.0% |         0.0908 |   0.04 |        1 |       18 |          4
 1000 |    817 |   100.0% |         0.0921 |   0.03 |        1 |       11 |          6
 1200 |    862 |   100.0% |         0.0933 |   0.02 |        1 |        7 |          1
